============================= test session starts =============================
platform win32 -- Python 3.13.7, pytest-8.4.2, pluggy-1.6.0
rootdir: C:\git\public\Integra-odoo-snk\Sankhya-SDK-python
configfile: pyproject.toml
plugins: anyio-4.9.0, dash-3.2.0, Faker-37.8.0, langsmith-0.3.19, asyncio-1.2.0, cov-7.0.0, env-1.1.5, flask-1.3.0, mock-3.15.1
asyncio: mode=Mode.STRICT, debug=False, asyncio_default_fixture_loop_scope=None, asyncio_default_test_loop_scope=function
collected 89 items

tests\unit\helpers\test_entity_dynamic_serialization.py .....F.......... [ 17%]
.......                                                                  [ 25%]
tests\unit\helpers\test_entity_extensions.py ........................    [ 52%]
tests\unit\helpers\test_entity_query_options.py ............             [ 66%]
tests\unit\helpers\test_filter_expression.py .....                       [ 71%]
tests\unit\helpers\test_generic_service_entity.py ............           [ 85%]
tests\unit\helpers\test_service_request_extensions.py .....              [ 91%]
tests\unit\helpers\test_status_message_helper.py ........                [100%]

================================== FAILURES ===================================
_______ TestEntityDynamicSerialization.test_get_member_case_insensitive _______

self = <tests.unit.helpers.test_entity_dynamic_serialization.TestEntityDynamicSerialization object at 0x000001B197DC1F30>

    def test_get_member_case_insensitive(self):
        """Verifica get_member com fallback para uppercase."""
        data = {"CODPARC": "123"}
        serializer = EntityDynamicSerialization(data)
    
>       assert serializer.get_member("codparc") is None
E       AssertionError: assert '123' is None
E        +  where '123' = get_member('codparc')
E        +    where get_member = EntityDynamicSerialization({'CODPARC': '123'}).get_member

tests\unit\helpers\test_entity_dynamic_serialization.py:61: AssertionError
============================== warnings summary ===============================
tests/unit/helpers/test_entity_extensions.py: 24 warnings
  C:\git\public\Integra-odoo-snk\Sankhya-SDK-python\sankhya_sdk\models\base.py:18: PydanticDeprecatedSince211: Accessing this attribute on the instance is deprecated, and will be removed in Pydantic V3. Instead, you should access this attribute from the model class. Deprecated in Pydantic V2.11 to be removed in V3.0.
    for field_name, field_info in self.model_fields.items():

tests/unit/helpers/test_entity_extensions.py::TestExtractKeys::test_extract_keys_with_address_entity
tests/unit/helpers/test_entity_extensions.py::TestExtractKeys::test_extract_keys_field_names_correct
tests/unit/helpers/test_entity_extensions.py::TestExtractKeys::test_extract_keys_only_includes_set_keys
  C:\git\public\Integra-odoo-snk\Sankhya-SDK-python\sankhya_sdk\models\base.py:45: PydanticDeprecatedSince211: Accessing this attribute on the instance is deprecated, and will be removed in Pydantic V3. Instead, you should access this attribute from the model class. Deprecated in Pydantic V2.11 to be removed in V3.0.
    if field_name not in self.model_fields:

tests/unit/helpers/test_entity_extensions.py::TestExtractKeys::test_extract_keys_with_address_entity
tests/unit/helpers/test_entity_extensions.py::TestExtractKeys::test_extract_keys_field_names_correct
tests/unit/helpers/test_entity_extensions.py::TestExtractKeys::test_extract_keys_only_includes_set_keys
  C:\git\public\Integra-odoo-snk\Sankhya-SDK-python\sankhya_sdk\models\base.py:48: PydanticDeprecatedSince211: Accessing this attribute on the instance is deprecated, and will be removed in Pydantic V3. Instead, you should access this attribute from the model class. Deprecated in Pydantic V2.11 to be removed in V3.0.
    field_info = self.model_fields[field_name]

-- Docs: https://docs.pytest.org/en/stable/how-to/capture-warnings.html
=============================== tests coverage ================================
_______________ coverage: platform win32, python 3.13.7-final-0 _______________

Name                                                     Stmts   Miss  Cover
----------------------------------------------------------------------------
sankhya_sdk\__init__.py                                      4      0   100%
sankhya_sdk\attributes\__init__.py                           4      0   100%
sankhya_sdk\attributes\decorators.py                        59      8    86%
sankhya_sdk\attributes\metadata.py                          22      0   100%
sankhya_sdk\attributes\reflection.py                        35     18    49%
sankhya_sdk\attributes\validators.py                        15      3    80%
sankhya_sdk\config.py                                       20     20     0%
sankhya_sdk\core\__init__.py                                 2      2     0%
sankhya_sdk\core\context.py                                  7      7     0%
sankhya_sdk\core\wrapper.py                                  3      3     0%
sankhya_sdk\enums\__init__.py                               30      0   100%
sankhya_sdk\enums\_metadata.py                              29      4    86%
sankhya_sdk\enums\billing_type.py                            5      0   100%
sankhya_sdk\enums\fiscal_classification.py                   8      0   100%
sankhya_sdk\enums\fiscal_invoice_status.py                  13      0   100%
sankhya_sdk\enums\fiscal_person_type.py                      4      0   100%
sankhya_sdk\enums\freight_type.py                            6      0   100%
sankhya_sdk\enums\inventory_type.py                          4      0   100%
sankhya_sdk\enums\invoice_follow_up_reference.py            11      0   100%
sankhya_sdk\enums\invoice_freight_type.py                    4      0   100%
sankhya_sdk\enums\invoice_status.py                          5      0   100%
sankhya_sdk\enums\movement_type.py                          27      0   100%
sankhya_sdk\enums\order_history_event.py                     7      0   100%
sankhya_sdk\enums\parameter_type.py                          5      0   100%
sankhya_sdk\enums\product_source.py                         11      0   100%
sankhya_sdk\enums\product_source_type.py                     5      0   100%
sankhya_sdk\enums\product_suggestion_type.py                 6      0   100%
sankhya_sdk\enums\product_use.py                            17      0   100%
sankhya_sdk\enums\reference_level.py                         9      0   100%
sankhya_sdk\enums\sankhya_warning_level.py                   6      0   100%
sankhya_sdk\enums\sankhya_warning_type.py                    5      0   100%
sankhya_sdk\enums\seller_type.py                            10      0   100%
sankhya_sdk\enums\service_category.py                        9      0   100%
sankhya_sdk\enums\service_environment.py                     6      0   100%
sankhya_sdk\enums\service_module.py                          6      0   100%
sankhya_sdk\enums\service_name.py                           50      6    88%
sankhya_sdk\enums\service_request_type.py                    8      0   100%
sankhya_sdk\enums\service_response_status.py                 7      0   100%
sankhya_sdk\enums\service_type.py                            6      0   100%
sankhya_sdk\enums\system_parameter_type.py                   9      0   100%
sankhya_sdk\enums\trading_sub_type.py                       11      0   100%
sankhya_sdk\exceptions\__init__.py                           7      0   100%
sankhya_sdk\exceptions\base.py                              36     16    56%
sankhya_sdk\exceptions\intermediate.py                      19      8    58%
sankhya_sdk\exceptions\messages.py                          45      0   100%
sankhya_sdk\exceptions\operations.py                        42     16    62%
sankhya_sdk\exceptions\service_request.py                   84     47    44%
sankhya_sdk\exceptions\service_request_advanced.py          63     39    38%
sankhya_sdk\exceptions\simple.py                            21      7    67%
sankhya_sdk\helpers\__init__.py                              8      0   100%
sankhya_sdk\helpers\entity_dynamic_serialization.py        159     89    44%
sankhya_sdk\helpers\entity_extensions.py                    86     12    86%
sankhya_sdk\helpers\entity_query_options.py                 30      0   100%
sankhya_sdk\helpers\filter_expression.py                     4      0   100%
sankhya_sdk\helpers\generic_service_entity.py              110     76    31%
sankhya_sdk\helpers\service_request_extensions.py          300    227    24%
sankhya_sdk\helpers\status_message_helper.py                72     42    42%
sankhya_sdk\models\__init__.py                               3      0   100%
sankhya_sdk\models\base.py                                  39     14    64%
sankhya_sdk\models\service\__init__.py                      14      0   100%
sankhya_sdk\models\service\basic_types.py                  197    106    46%
sankhya_sdk\models\service\constants.py                     50      0   100%
sankhya_sdk\models\service\entity_types.py                 223    155    30%
sankhya_sdk\models\service\event_types.py                  263    164    38%
sankhya_sdk\models\service\invoice_types.py                258    154    40%
sankhya_sdk\models\service\metadata_types.py               221    134    39%
sankhya_sdk\models\service\query_types.py                  135     81    40%
sankhya_sdk\models\service\request_body.py                 110     79    28%
sankhya_sdk\models\service\response_body.py                151    114    25%
sankhya_sdk\models\service\service_request.py               43     22    49%
sankhya_sdk\models\service\service_response.py             128     79    38%
sankhya_sdk\models\service\user_types.py                   239    143    40%
sankhya_sdk\models\service\xml_serialization.py             99     63    36%
sankhya_sdk\models\transport\__init__.py                    25      0   100%
sankhya_sdk\models\transport\address.py                     59     43    27%
sankhya_sdk\models\transport\base.py                       208    181    13%
sankhya_sdk\models\transport\city.py                        58     35    40%
sankhya_sdk\models\transport\code_bars.py                   39     23    41%
sankhya_sdk\models\transport\enum_helpers.py                22     16    27%
sankhya_sdk\models\transport\invoice_header.py             134     81    40%
sankhya_sdk\models\transport\neighborhood.py                36     21    42%
sankhya_sdk\models\transport\partner.py                    139     87    37%
sankhya_sdk\models\transport\partner_complement.py          60     37    38%
sankhya_sdk\models\transport\product.py                    109     65    40%
sankhya_sdk\models\transport\product_cost.py                49     29    41%
sankhya_sdk\models\transport\product_suggested_sale.py      21      8    62%
sankhya_sdk\models\transport\region.py                      53     31    42%
sankhya_sdk\models\transport\seller.py                      69     40    42%
sankhya_sdk\models\transport\service_file.py                20      8    60%
sankhya_sdk\models\transport\state.py                       46     28    39%
sankhya_sdk\request_wrappers\__init__.py                     0      0   100%
sankhya_sdk\value_objects\__init__.py                        5      0   100%
sankhya_sdk\value_objects\entity_resolver.py                24      7    71%
sankhya_sdk\value_objects\parse_property_model.py           22      4    82%
sankhya_sdk\value_objects\service_file.py                   29     14    52%
----------------------------------------------------------------------------
TOTAL                                                     4996   2716    46%
Coverage HTML written to dir htmlcov
=========================== short test summary info ===========================
FAILED tests/unit/helpers/test_entity_dynamic_serialization.py::TestEntityDynamicSerialization::test_get_member_case_insensitive
================== 1 failed, 88 passed, 30 warnings in 2.28s ==================
